// Jest Snapshot v1, https://goo.gl/fbAQLP

exports[`Pruebas en FirstApp Debe hacer match con el snapshot 1`] = `
<div>
  <h1>
    Hola 
    Christopher Vasco
  </h1>
  <h2>
    Hola, soy Goku
  </h2>
  <h2>
    Hola, soy Goku
  </h2>
  <p
    data-testid="test-subtitle"
  />
</div>
`;
