// Jest Snapshot v1, https://goo.gl/fbAQLP

exports[`Pruebas en FirstApp Debe de hacer match con snapshot 1`] = `
<div>
  <h1>
    Hola 
    Christopher Vasco
  </h1>
  <h2>
    No hay titulo
  </h2>
  <p>
    Esto es un subtitulo desde tests
  </p>
</div>
`;
